// Jest Snapshot v1, https://goo.gl/fbAQLP

exports[`Header Renders a Header component in dev profile with LoadingBar, Navbar, Nav and dev ribbon. 1`] = `
<ContextConsumer>
  <Component />
</ContextConsumer>
`;

exports[`Header Renders a Header component in prod profile with LoadingBar, Navbar, Nav. 1`] = `
<ContextConsumer>
  <Component />
</ContextConsumer>
`;
